[INFO] Scanning for projects...
[INFO] 
[INFO] -------------------------< com.huydon:reknow >--------------------------
[INFO] Building  0.0.1-SNAPSHOT
[INFO]   from pom.xml
[INFO] --------------------------------[ jar ]---------------------------------
[INFO] 
[INFO] --- clean:3.5.0:clean (default-clean) @ reknow ---
[INFO] Deleting D:\New Work\reknow\reknow\target
[INFO] 
[INFO] --- resources:3.3.1:resources (default-resources) @ reknow ---
[INFO] Copying 2 resources from src\main\resources to target\classes
[INFO] Copying 0 resource from src\main\resources to target\classes
[INFO] 
[INFO] --- compiler:3.14.1:compile (default-compile) @ reknow ---
[INFO] Recompiling the module because of changed source code.
[INFO] Compiling 18 source files with javac [debug parameters release 21] to target\classes
[WARNING] /D:/New Work/reknow/reknow/src/main/java/com/huydon/reknow/exception/AppException.java:[5,1] Generating equals/hashCode implementation but without a call to superclass, even though this class does not extend java.lang.Object. If this is intentional, add '@EqualsAndHashCode(callSuper=false)' to your type.
[INFO] ------------------------------------------------------------------------
[INFO] BUILD SUCCESS
[INFO] ------------------------------------------------------------------------
[INFO] Total time:  3.190 s
[INFO] Finished at: 2026-04-06T19:19:34+07:00
[INFO] ------------------------------------------------------------------------
